// Jest Snapshot v1, https://goo.gl/fbAQLP

exports[`purescript() 1`] = `
Object {
  "module": Object {
    "rules": Array [
      Object {
        "exclude": /node_modules/,
        "loader": "purs-loader",
        "options": Object {
          "psc": "psa",
          "template": "assets/index.html",
          "warnings": false,
        },
        "test": /\\\\\\.purs\\$/,
      },
    ],
  },
  "resolve": Object {
    "extensions": Array [
      ".purs",
    ],
  },
}
`;
